Terminal log file
Date: 9/8/2026 - 3:03:19 PM
-----------------------------------------------
[GPC] INT fired: 0x400
[GPC] DOWN pressed
  BATTLESHIP  -  M487
  Shots left: 18    Hits:  0    Ships sunk: 0 / 5
  Time: 01:02       Shot timer:  8 s

      0 1 2 3 4 5 6 7
   0  . . . . . . . . 
   1  [.]. . . . . . . 
   2  . . . . . . . . 
   3  . . . . . . . . 
   4  . . . . . . . . 
   5  . . . . . . . . 
   6  . . . . . . . . 
   7  . . . . . . . . 

[GPC] INT fired: 0x400
[GPC] DOWN pressed
  BATTLESHIP  -  M487
  Shots left: 17    Hits:  0    Ships sunk: 0 / 5
  Time: 01:17       Shot timer:  3 s

      0 1 2 3 4 5 6 7
   0  . . . . . . . . 
   1  . . . . . . . . 
   2  [.]. . . . . . . 
   3  . . . . . . . . 
   4  . . . . . . . . 
   5  . . . . . . . . 
   6  . . . . . . . . 
   7  . . . . . . . . 

[GPC] INT fired: 0x400
[GPC] DOWN pressed
  BATTLESHIP  -  M487
  Shots left: 16    Hits:  0    Ships sunk: 0 / 5
  Time: 01:27       Shot timer:  3 s

      0 1 2 3 4 5 6 7
   0  . . . . . . . . 
   1  . . . . . . . . 
   2  . . . . . . . . 
   3  [.]. . . . . . . 
   4  . . . . . . . . 
   5  . . . . . . . . 
   6  . . . . . . . . 
   7  . . . . . . . . 

[GPC] INT fired: 0x400
[GPC] DOWN pressed
  BATTLESHIP  -  M487
  Shots left: 16    Hits:  0    Ships sunk: 0 / 5
  Time: 01:28       Shot timer:  2 s

      0 1 2 3 4 5 6 7
   0  . . . . . . . . 
   1  . . . . . . . . 
   2  . . . . . . . . 
   3  . . . . . . . . 
   4  [.]. . . . . . . 
   5  . . . . . . . . 
   6  . . . . . . . . 
   7  . . . . . . . . 

[GPC] INT fired: 0x400
[GPC] DOWN pressed
  BATTLESHIP  -  M487
  Shots left: 15    Hits:  0    Ships sunk: 0 / 5
  Time: 01:35       Shot timer:  5 s

      0 1 2 3 4 5 6 7
   0  . . . . . . . . 
   1  . . . . . . . . 
   2  . . . . . . . . 
   3  . . . . . . . . 
   4  . . . . . . . . 
   5  [.]. . . . . . . 
   6  . . . . . . . . 
   7  . . . . . . . . 

[GPC] INT fired: 0x400
[GPC] DOWN pressed
  BATTLESHIP  -  M487
  Shots left: 15    Hits:  0    Ships sunk: 0 / 5
  Time: 01:36       Shot timer:  4 s

      0 1 2 3 4 5 6 7
   0  . . . . . . . . 
   1  . . . . . . . . 
   2  . . . . . . . . 
   3  . . . . . . . . 
   4  . . . . . . . . 
   5  . . . . . . . . 
   6  [.]. . . . . . . 
   7  . . . . . . . . 

[GPC] INT fired: 0x200
[GPC] LEFT pressed
  BATTLESHIP  -  M487
  Shots left: 15    Hits:  0    Ships sunk: 0 / 5
  Time: 01:36       Shot timer:  4 s

      0 1 2 3 4 5 6 7
   0  . . . . . . . . 
   1  . . . . . . . . 
   2  . . . . . . . . 
   3  . . . . . . . . 
   4  . . . . . . . . 
   5  . . . . . . . . 
   6  [.]. . . . . . . 
   7  . . . . . . . . 

[GPC] INT fired: 0x200
[GPC] LEFT pressed
  BATTLESHIP  -  M487
  Shots left: 15    Hits:  0    Ships sunk: 0 / 5
  Time: 01:37       Shot timer:  3 s

      0 1 2 3 4 5 6 7
   0  . . . . . . . . 
   1  . . . . . . . . 
   2  . . . . . . . . 
   3  . . . . . . . . 
   4  . . . . . . . . 
   5  . . . . . . . . 
   6  [.]. . . . . . . 
   7  . . . . . . . . 

[GPC] INT fired: 0x400
[GPC] DOWN pressed
  BATTLESHIP  -  M487
  Shots left: 15    Hits:  0    Ships sunk: 0 / 5
  Time: 01:38       Shot timer:  2 s

      0 1 2 3 4 5 6 7
   0  . . . . . . . . 
   1  . . . . . . . . 
   2  . . . . . . . . 
   3  . . . . . . . . 
   4  . . . . . . . . 
   5  . . . . . . . . 
   6  . . . . . . . . 
   7  [.]. . . . . . . 

[GPC] INT fired: 0x200
[GPC] LEFT pressed
  BATTLESHIP  -  M487
  Shots left: 15    Hits:  0    Ships sunk: 0 / 5
  Time: 01:38       Shot timer:  2 s

      0 1 2 3 4 5 6 7
   0  . . . . . . . . 
   1  . . . . . . . . 
   2  . . . . . . . . 
   3  . . . . . . . . 
   4  . . . . . . . . 
   5  . . . . . . . . 
   6  . . . . . . . . 
   7  [.]. . . . . . . 

[GPC] INT fired: 0x400
ed
  BATTLESHIP  -  M487
  Shots left: 14    Hits:  0    Ships sunk: 0 / 5
  Time: 01:49       Shot timer:  1 s

      0 1 2 3 4 5 6 7
   0  . . . . . . . . 
   1  . . . . . . . . 
   2  . . . . . . . . 
   3  . . . . . . . . 
   4  . . . . . . . . 
   5  . . . . . . . . 
   6  . . . . . . . . 
   7  [.]. . . . . . . 

87
  Shots left:[GPC] INT fired: 0x400
[GPC] DOWN pressed
  BATTLESHIP  -  M487
  Shots left: 10    Hits:  0    Ships sunk: 0 / 5
  Time: 02:27       Shot timer:  3 s

      0 1 2 3 4 5 6 7
   0  . . . . . . . . 
   1  . . . . . . . . 
   2  . . . . . . . . 
   3  . . . . . . . . 
   4  . . . . . . . . 
   5  . . . . . . . . 
   6  . . . . . . . . 
   7  [.]. . . . . . . 

[GPC] INT fired: 0x200
[GPC] LEFT pressed
  BATTLESHIP  -  M487
  Shots left: 10    Hits:  0    Ships sunk: 0 / 5
  Time: 02:27       Shot timer:  3 s

      0 1 2 3 4 5 6 7
   0  . . . . . . . . 
   1  . . . . . . . . 
   2  . . . . . . . . 
   3  . . . . . . . . 
   4  . . . . . . . . 
   5  . . . . . . . . 
   6  . . . . . . . . 
   7  [.]. . . . . . . 

[GPC] INT fired: 0x400
[GPC] DOWN pressed
  BATTLESHIP  -  M487
  Shots left: 10    Hits:  0    Ships sunk: 0 / 5
  Time: 02:28       Shot timer:  2 s

      0 1 2 3 4 5 6 7
   0  . . . . . . . . 
   1  . . . . . . . . 
   2  . . . . . . . . 
   3  . . . . . . . . 
   4  . . . . . . . . 
   5  . . . . . . . . 
   6  . . . . . . . . 
   7  [.]. . . . . . . 

[GPC] INT fired: 0x200
[GPC] LEFT pressed
  BATTLESHIP  -  M487
  Shots left:  9    Hits:  0    Ships sunk: 0 / 5
  Time: 02:30       Shot timer: 10 s

      0 1 2 3 4 5 6 7
   0  . . . . . . . . 
   1  . . . . . . . . 
   2  . . . . . . . . 
   3  . . . . . . . . 
   4  . . . . . . . . 
   5  . . . . . . . . 
   6  . . . . . . . . 
   7  [.]. . . . . . . 

[GPG] INT fired: 0x10
[GPG] RIGHT pressed
  BATTLESHIP  -  M487
  Shots left:  9    Hits:  0    Ships sunk: 0 / 5
  Time: 02:30       Shot timer: 10 s

      0 1 2 3 4 5 6 7
   0  . . . . . . . . 
   1  . . . . . . . . 
   2  . . . . . . . . 
   3  . . . . . . . . 
   4  . . . . . . . . 
   5  . . . . . . . . 
   6  . . . . . . . . 
   7  . [.]. . . . . . 

[GPC] INT fired: 0x400
[GPC] DOWN pressed
  BATTLESHIP  -  M487
  Shots left:  9    Hits:  0    Ships sunk: 0 / 5
  Time: 02:30       Shot timer: 10 s

      0 1 2 3 4 5 6 7
   0  . . . . . . . . 
   1  . . . . . . . . 
   2  . . . . . . . . 
   3  . . . . . . . . 
   4  . . . . . . . . 
   5  . . . . . . . . 
   6  . . . . . . . . 
   7  . [.]. . . . . . 

[GPC] INT fired: 0x400
[GPC] DOWN pressed
  BATTLESHIP  -  M487
  Shots left:  9    Hits:  0    Ships sunk: 0 / 5
  Time: 02:31       Shot timer:  9 s

      0 1 2 3 4 5 6 7
   0  . . . . . . . . 
   1  . . . . . . . . 
   2  . . . . . . . . 
   3  . . . . . . . . 
   4  . . . . . . . . 
   5  . . . . . . . . 
   6  . . . . . . . . 
   7  . [.]. . . . . . 

[GPC] INT fired: 0x400
[GPC] DOWN pressed
  BATTLESHIP  -  M487
  Shots left:  9    Hits:  0    Ships sunk: 0 / 5
  Time: 02:32       Shot timer:  8 s

      0 1 2 3 4 5 6 7
   0  . . . . . . . . 
   1  . . . . . . . . 
   2  . . . . . . . . 
   3  . . . . . . . . 
   4  . . . . . . . . 
   5  . . . . . . . . 
   6  . . . . . . . . 
   7  . [.]. . . . . . 

[GPC] INT fired: 0x400
[GPC] DOWN pressed
  BATTLESHIP  -  M487
  Shots left:  9    Hits:  0    Ships sunk: 0 / 5
  Time: 02:34       Shot timer:  6 s

      0 1 2 3 4 5 6 7
   0  . . . . . . . . 
   1  . . . . . . . . 
   2  . . . . . . . . 
   3  . . . . . . . . 
   4  . . . . . . . . 
   5  . . . . . . . . 
   6  . . . . . . . . 
   7  . [.]. . . . . . 

[GPC] INT fired: 0x200
[GPC] LEFT pressed
  BATTLESHIP  -  M487
  Shots left:  9    Hits:  0    Ships sunk: 0 / 5
  Time: 02:34       Shot timer:  6 s

      0 1 2 3 4 5 6 7
   0  . . . . . . . . 
   1  . . . . . . . . 
   2  . . . . . . . . 
   3  . . . . . . . . 
   4  . . . . . . . . 
   5  . . . . . . . . 
   6  . . . . . . . . 
   7  [.]. . . . . . . 

[2J[H  ========================================
  GAME OVER - OUT OF SHOTS
  ========================================

  HIDDEN MAP REVEALED:
      0 1 2 3 4 5 6 7
   0  - - - - - - - - 
   1  - X X - - - - - 
   2  - - - - - - X - 
   3  - - - - - - X - 
   4  - - X X - - - - 
   5  - - - - - - - - 
   6  X X - - X - - - 
   7  - - - - X - - - 

  Ships sunk: 0 / 5
  Score: 20

  Press SW2 to restart...
[GPC] INT fired: 0x400
[GPC] INT fired: 0x200
[GPC] INT fired: 0x400
*NOTE-2026.09.08@15:07:44 - LogNote
[2J[HBATTLESHIP M487 INITIALISED
Press SW2 to start loading map...
[GPG] INT fired: 0x8000
[GPG] SW2 pressed
[2J[HWELCOME - WAITING FOR MAP
MAP LOADED
  BATTLESHIP  -  M487
  Shots left: 24    Hits:  0    Ships sunk: 0 / 5
  Time: 00:00       Shot timer: 10 s

      0 1 2 3 4 5 6 7
   0  [.]. . . . . . . 
   1  . . . . . . . . 
   2  . . . . . . . . 
   3  . . . . . . . . 
   4  . . . . . . . . 
   5  . . . . . . . . 
   6  . . . . . . . . 
   7  . . . . . . . . 

[GPF] INT fired: 0x800
[GPF] FIRE pressed
  BATTLESHIP  -  M487
  Shots left: 22    Hits:  0    Ships sunk: 0 / 5
  Time: 00:11       Shot timer: 10 s

      0 1 2 3 4 5 6 7
   0  [o]. . . . . . . 
   1  . . . . . . . . 
   2  . . . . . . . . 
   3  . . . . . . . . 
   4  . . . . . . . . 
   5  . . . . . . . . 
   6  . . . . . . . . 
   7  . . . . . . . . 

  > MISS!
[GPC] INT fired: 0x400
[GPC] DOWN pressed
  BATTLESHIP  -  M487
  Shots left: 17    Hits:  0    Ships sunk: 0 / 5
  Time: 01:02       Shot timer:  9 s

      0 1 2 3 4 5 6 7
   0  o . . . . . . . 
   1  [.]. . . . . . . 
   2  . . . . . . . . 
   3  . . . . . . . . 
   4  . . . . . . . . 
   5  . . . . . . . . 
   6  . . . . . . . . 
   7  . . . . . . . . 

[GPF] INT fired: 0x800
[GPF] FIRE pressed
  BATTLESHIP  -  M487
  Shots left: 16    Hits:  0    Ships sunk: 0 / 5
  Time: 01:07       Shot timer: 10 s

      0 1 2 3 4 5 6 7
   0  o . . . . . . . 
   1  [o]. . . . . . . 
   2  . . . . . . . . 
   3  . . . . . . . . 
   4  . . . . . . . . 
   5  . . . . . . . . 
   6  . . . . . . . . 
   7  . . . . . . . . 

  > MISS!
[GPC] INT fired: 0x400
[GPC] DOWN pressed
  BATTLESHIP  -  M487
  Shots left: 14    Hits:  0    Ships sunk: 0 / 5
  Time: 01:30       Shot timer:  7 s

      0 1 2 3 4 5 6 7
   0  o . . . . . . . 
   1  o . . . . . . . 
   2  [.]. . . . . . . 
   3  . . . . . . . . 
   4  . . . . . . . . 
   5  . . . . . . . . 
   6  . . . . . . . . 
   7  . . . . . . . . 

[GPF] INT fired: 0x800
[GPF] FIRE pressed
  BATTLESHIP  -  M487
  Shots left: 13    Hits:  0    Ships sunk: 0 / 5
  Time: 01:35       Shot timer: 10 s

      0 1 2 3 4 5 6 7
   0  o . . . . . . . 
   1  o . . . . . . . 
   2  [o]. . . . . . . 
   3  . . . . . . . . 
   4  . . . . . . . . 
   5  . . . . . . . . 
   6  . . . . . . . . 
   7  . . . . . . . . 

  > MISS!
[GPC] INT fired: 0x400
[GPC] DOWN pressed
  BATTLESHIP  -  M487
  Shots left: 12    Hits:  0    Ships sunk: 0 / 5
  Time: 01:45       Shot timer: 10 s

      0 1 2 3 4 5 6 7
   0  o . . . . . . . 
   1  o . . . . . . . 
   2  o . . . . . . . 
   3  [.]. . . . . . . 
   4  . . . . . . . . 
   5  . . . . . . . . 
   6  . . . . . . . . 
   7  . . . . . . . . 

[GPF] INT fired: 0x800
[GPF] FIRE pressed
  BATTLESHIP  -  M487
  Shots left: 10    Hits:  0    Ships sunk: 0 / 5
  Time: 01:57       Shot timer: 10 s

      0 1 2 3 4 5 6 7
   0  o . . . . . . . 
   1  o . . . . . . . 
   2  o . . . . . . . 
   3  [o]. . . . . . . 
   4  . . . . . . . . 
   5  . . . . . . . . 
   6  . . . . . . . . 
   7  . . . . . . . . 

  > MISS!
[GPC] INT fired: 0x400
[GPC] DOWN pressed
  BATTLESHIP  -  M487
  Shots left:  8    Hits:  0    Ships sunk: 0 / 5
  Time: 02:22       Shot timer:  5 s

      0 1 2 3 4 5 6 7
   0  o . . . . . . . 
   1  o . . . . . . . 
   2  o . . . . . . . 
   3  o . . . . . . . 
   4  [.]. . . . . . . 
   5  . . . . . . . . 
   6  . . . . . . . . 
   7  . . . . . . . . 

[GPC] INT fired: 0x200
[GPC] LEFT pressed
  BATTLESHIP  -  M487
  Shots left:  8    Hits:  0    Ships sunk: 0 / 5
  Time: 02:22       Shot timer:  5 s

      0 1 2 3 4 5 6 7
   0  o . . . . . . . 
   1  o . . . . . . . 
   2  o . . . . . . . 
   3  o . . . . . . . 
   4  [.]. . . . . . . 
   5  . . . . . . . . 
   6  . . . . . . . . 
   7  . . . . . . . . 

[GPC] INT fired: 0x400
[GPC] DOWN pressed
  BATTLESHIP  -  M487
  Shots left:  7    Hits:  0    Ships sunk: 0 / 5
  Time: 02:33       Shot timer:  4 s

      0 1 2 3 4 5 6 7
   0  o . . . . . . . 
   1  o . . . . . . . 
   2  o . . . . . . . 
   3  o . . . . . . . 
   4  . . . . . . . . 
   5  [.]. . . . . . . 
   6  . . . . . . . . 
   7  . . . . . . . . 

[GPC] INT fired: 0x200
[GPC] LEFT pressed
  BATTLESHIP  -  M487
  Shots left:  7    Hits:  0    Ships sunk: 0 / 5
  Time: 02:34       Shot timer:  3 s

      0 1 2 3 4 5 6 7
   0  o . . . . . . . 
   1  o . . . . . . . 
   2  o . . . . . . . 
   3  o . . . . . . . 
   4  . . . . . . . . 
   5  [.]. . . . . . . 
   6  . . . . . . . . 
   7  . . . . . . . . 

[GPC] INT fired: 0x200
[GPC] LEFT pressed
  BATTLESHIP  -  M487
  Shots left:  6    Hits:  0    Ships sunk: 0 / 5
  Time: 02:41       Shot timer:  6 s

      0 1 2 3 4 5 6 7
   0  o . . . . . . . 
   1  o . . . . . . . 
   2  o . . . . . . . 
   3  o . . . . . . . 
   4  . . . . . . . . 
   5  [.]. . . . . . . 
   6  . . . . . . . . 
   7  . . . . . . . . 

[GPF] INT fired: 0x800
[GPF] FIRE pressed
  BATTLESHIP  -  M487
  Shots left:  5    Hits:  0    Ships sunk: 0 / 5
  Time: 02:43       Shot timer: 10 s

      0 1 2 3 4 5 6 7
   0  o . . . . . . . 
   1  o . . . . . . . 
   2  o . . . . . . . 
   3  o . . . . . . . 
   4  . . . . . . . . 
   5  [o]. . . . . . . 
   6  . . . . . . . . 
   7  . . . . . . . . 

  > MISS!
[GPC] INT fired: 0x200
[GPC] LEFT pressed
  BATTLESHIP  -  M487
  Shots left:  5    Hits:  0    Ships sunk: 0 / 5
  Time: 02:48       Shot timer:  5 s

      0 1 2 3 4 5 6 7
   0  o . . . . . . . 
   1  o . . . . . . . 
   2  o . . . . . . . 
   3  o . . . . . . . 
   4  . . . . . . . . 
   5  [o]. . . . . . . 
   6  . . . . . . . . 
   7  . . . . . . . . 

[GPC] INT fired: 0x400
[GPC] DOWN pressed
  BATTLESHIP  -  M487
  Shots left:  4    Hits:  0    Ships sunk: 0 / 5
  Time: 03:01       Shot timer:  2 s

      0 1 2 3 4 5 6 7
   0  o . . . . . . . 
   1  o . . . . . . . 
   2  o . . . . . . . 
   3  o . . . . . . . 
   4  . . . . . . . . 
   5  o . . . . . . . 
   6  [.]. . . . . . . 
   7  . . . . . . . . 

[GPF] INT fired: 0x800
[GPF] FIRE pressed
  BATTLESHIP  -  M487
  Shots left:  2    Hits:  1    Ships sunk: 0 / 5
  Time: 03:03       Shot timer: 10 s

      0 1 2 3 4 5 6 7
   0  o . . . . . . . 
   1  o . . . . . . . 
   2  o . . . . . . . 
   3  o . . . . . . . 
   4  . . . . . . . . 
   5  o . . . . . . . 
   6  [X]. . . . . . . 
   7  . . . . . . . . 

  > HIT!
[GPC] INT fired: 0x400
[GPC] DOWN pressed
  BATTLESHIP  -  M487
  Shots left:  2    Hits:  1    Ships sunk: 0 / 5
  Time: 03:10       Shot timer:  3 s

      0 1 2 3 4 5 6 7
   0  o . . . . . . . 
   1  o . . . . . . . 
   2  o . . . . . . . 
   3  o . . . . . . . 
   4  . . . . . . . . 
   5  o . . . . . . . 
   6  X . . . . . . . 
   7  [.]. . . . . . . 

[GPF] INT fired: 0x800
[GPF] FIRE pressed
  BATTLESHIP  -  M487
  Shots left:  0    Hits:  1    Ships sunk: 0 / 5
  Time: 03:14       Shot timer: 10 s

      0 1 2 3 4 5 6 7
   0  o . . . . . . . 
   1  o . . . . . . . 
   2  o . . . . . . . 
   3  o . . . . . . . 
   4  . . . . . . . . 
   5  o . . . . . . . 
   6  X . . . . . . . 
   7  [o]. . . . . . . 

  > MISS!
[2J[H  ========================================
  GAME OVER - OUT OF SHOTS
  ========================================

  HIDDEN MAP REVEALED:
      0 1 2 3 4 5 6 7
   0  - - - - - - - - 
   1  - X X - - - - - 
   2  - - - - - - X - 
   3  - - - - - - X - 
   4  - - X X - - - - 
   5  - - - - - - - - 
   6  X X - - X - - - 
   7  - - - - X - - - 

  Ships sunk: 0 / 5
